[     215ms] [LOG] [HMR] connected @ http://localhost:3000/markgraf-www/_next/static/chunks/node_modules_next_dist_115brz8._.js:2431
[     333ms] [WARNING] THREE.Clock: This module has been deprecated. Please use THREE.Timer instead. @ http://localhost:3000/markgraf-www/feltballs-worker.js:1716
[     350ms] [WARNING] THREE.Clock: This module has been deprecated. Please use THREE.Timer instead. @ chrome-extension://fmkadmapgofadopljbjfkapdkoienihi/build/installHook.js:0
[   30385ms] [ERROR] Unchecked runtime.lastError: Could not establish connection. Receiving end does not exist. @ http://localhost:3000/markgraf-www/:0
[   30386ms] [ERROR] Unchecked runtime.lastError: Could not establish connection. Receiving end does not exist. @ http://localhost:3000/markgraf-www/:0
[   30386ms] [ERROR] Unchecked runtime.lastError: Could not establish connection. Receiving end does not exist. @ http://localhost:3000/markgraf-www/:0
[   30389ms] [ERROR] Unchecked runtime.lastError: Could not establish connection. Receiving end does not exist. @ http://localhost:3000/markgraf-www/:0
[   30392ms] [ERROR] Unchecked runtime.lastError: Could not establish connection. Receiving end does not exist. @ http://localhost:3000/markgraf-www/:0
[   32403ms] [LOG] [HMR] connected @ http://localhost:3000/markgraf-www/_next/static/chunks/node_modules_next_dist_115brz8._.js:2431
[   32603ms] [WARNING] THREE.Clock: This module has been deprecated. Please use THREE.Timer instead. @ chrome-extension://fmkadmapgofadopljbjfkapdkoienihi/build/installHook.js:0
[   32672ms] [WARNING] THREE.Clock: This module has been deprecated. Please use THREE.Timer instead. @ http://localhost:3000/markgraf-www/feltballs-worker.js:1716
[   62584ms] [ERROR] Unchecked runtime.lastError: Could not establish connection. Receiving end does not exist. @ http://localhost:3000/markgraf-www/:0
[   62584ms] [ERROR] Unchecked runtime.lastError: Could not establish connection. Receiving end does not exist. @ http://localhost:3000/markgraf-www/:0
[   62585ms] [ERROR] Unchecked runtime.lastError: Could not establish connection. Receiving end does not exist. @ http://localhost:3000/markgraf-www/:0
[   62585ms] [ERROR] Unchecked runtime.lastError: Could not establish connection. Receiving end does not exist. @ http://localhost:3000/markgraf-www/:0
[   62585ms] [ERROR] Unchecked runtime.lastError: Could not establish connection. Receiving end does not exist. @ http://localhost:3000/markgraf-www/:0
[   62585ms] [ERROR] Unchecked runtime.lastError: Could not establish connection. Receiving end does not exist. @ http://localhost:3000/markgraf-www/:0
[   62585ms] [ERROR] Unchecked runtime.lastError: Could not establish connection. Receiving end does not exist. @ http://localhost:3000/markgraf-www/:0
[   62586ms] [ERROR] Unchecked runtime.lastError: Could not establish connection. Receiving end does not exist. @ http://localhost:3000/markgraf-www/:0
[   62586ms] [ERROR] Unchecked runtime.lastError: Could not establish connection. Receiving end does not exist. @ http://localhost:3000/markgraf-www/:0
[   62586ms] [ERROR] Unchecked runtime.lastError: Could not establish connection. Receiving end does not exist. @ http://localhost:3000/markgraf-www/:0
[   62586ms] [ERROR] Unchecked runtime.lastError: Could not establish connection. Receiving end does not exist. @ http://localhost:3000/markgraf-www/:0
[   71548ms] [LOG] [Fast Refresh] rebuilding @ http://localhost:3000/markgraf-www/_next/static/chunks/node_modules_next_dist_115brz8._.js:2431
[   71549ms] [WARNING] [Fast Refresh] performing full reload

Fast Refresh will perform a full reload when you edit a file that's imported by modules outside of the React rendering tree.
You might have a file which exports a React component but also exports a value that is imported by a non-React component file.
Consider migrating the non-React component export to a separate file and importing it into both files.

It is also possible the parent component of the component you edited is a class component, which disables Fast Refresh.
Fast Refresh requires at least one parent function component in your React tree. @ chrome-extension://fmkadmapgofadopljbjfkapdkoienihi/build/installHook.js:0
[   71597ms] [LOG] [Fast Refresh] done in 10ms @ http://localhost:3000/markgraf-www/_next/static/chunks/node_modules_next_dist_115brz8._.js:2431
[   71843ms] [LOG] [HMR] connected @ http://localhost:3000/markgraf-www/_next/static/chunks/node_modules_next_dist_115brz8._.js:2431
[   72081ms] [WARNING] THREE.Clock: This module has been deprecated. Please use THREE.Timer instead. @ chrome-extension://fmkadmapgofadopljbjfkapdkoienihi/build/installHook.js:0
[   72226ms] [WARNING] THREE.Clock: This module has been deprecated. Please use THREE.Timer instead. @ http://localhost:3000/markgraf-www/feltballs-worker.js:1716
[   90957ms] [LOG] [HMR] connected @ http://localhost:3000/markgraf-www/_next/static/chunks/node_modules_next_dist_115brz8._.js:2431
[   91116ms] [WARNING] THREE.Clock: This module has been deprecated. Please use THREE.Timer instead. @ http://localhost:3000/markgraf-www/feltballs-worker.js:1716
[   91120ms] [WARNING] THREE.Clock: This module has been deprecated. Please use THREE.Timer instead. @ chrome-extension://fmkadmapgofadopljbjfkapdkoienihi/build/installHook.js:0
[  100518ms] [LOG] [Fast Refresh] rebuilding @ http://localhost:3000/markgraf-www/_next/static/chunks/node_modules_next_dist_115brz8._.js:2431
[  100518ms] [WARNING] [Fast Refresh] performing full reload

Fast Refresh will perform a full reload when you edit a file that's imported by modules outside of the React rendering tree.
You might have a file which exports a React component but also exports a value that is imported by a non-React component file.
Consider migrating the non-React component export to a separate file and importing it into both files.

It is also possible the parent component of the component you edited is a class component, which disables Fast Refresh.
Fast Refresh requires at least one parent function component in your React tree. @ chrome-extension://fmkadmapgofadopljbjfkapdkoienihi/build/installHook.js:0
[  100762ms] [LOG] [HMR] connected @ http://localhost:3000/markgraf-www/_next/static/chunks/node_modules_next_dist_115brz8._.js:2431
[  100918ms] [WARNING] THREE.Clock: This module has been deprecated. Please use THREE.Timer instead. @ chrome-extension://fmkadmapgofadopljbjfkapdkoienihi/build/installHook.js:0
[  101014ms] [WARNING] THREE.Clock: This module has been deprecated. Please use THREE.Timer instead. @ http://localhost:3000/markgraf-www/feltballs-worker.js:1716
