[     252ms] [LOG] [HMR] connected @ http://localhost:3000/markgraf-www/_next/static/chunks/node_modules_next_dist_115brz8._.js:2431
[     511ms] [WARNING] THREE.Clock: This module has been deprecated. Please use THREE.Timer instead. @ http://localhost:3000/markgraf-www/feltballs-worker.js:1716
[     544ms] [WARNING] THREE.Clock: This module has been deprecated. Please use THREE.Timer instead. @ chrome-extension://fmkadmapgofadopljbjfkapdkoienihi/build/installHook.js:0
[   30863ms] [ERROR] Unchecked runtime.lastError: Could not establish connection. Receiving end does not exist. @ http://localhost:3000/markgraf-www/:0
[   30863ms] [ERROR] Unchecked runtime.lastError: Could not establish connection. Receiving end does not exist. @ http://localhost:3000/markgraf-www/:0
[   30863ms] [ERROR] Unchecked runtime.lastError: Could not establish connection. Receiving end does not exist. @ http://localhost:3000/markgraf-www/:0
[   30866ms] [ERROR] Unchecked runtime.lastError: Could not establish connection. Receiving end does not exist. @ http://localhost:3000/markgraf-www/:0
[   40456ms] [ERROR] ./output/Page.HeroPreview/index.js:2:1
Export installWheelSnap doesn't exist in target module
  1 | // Generated by purs version 0.15.16
> 2 | import * as $foreign from "./foreign.js";
    | ^^^^^^^^^^^^^^^^^^^^^^^^^^^^^^^^^^^^^^^^^
  3 | import * as Components_Scene from "../Components.Scene/index.js";
  4 | import * as Control_Applicative from "../Control.Applicative/index.js";
  5 | import * as Control_Bind from "../Control.Bind/index.js";

The export installWheelSnap was not found in module [project]/output/Page.HeroPreview/foreign.js [app-client] (ecmascript).
Did you mean to import installScrollSync?
All exports of the module are statically known (It doesn't have dynamic exports). So it's known statically that the requested export doesn't exist.

Import traces:
  Client Component Browser:
    ./output/Page.HeroPreview/index.js [Client Component Browser]
    ./output/Page.Boot/index.js [Client Component Browser]
    ./app/page.js [Client Component Browser]
    ./app/page.js [Server Component]

  Client Component SSR:
    ./output/Page.HeroPreview/index.js [Client Component SSR]
    ./output/Page.Boot/index.js [Client Component SSR]
    ./app/page.js [Client Component SSR]
    ./app/page.js [Server Component] @ chrome-extension://fmkadmapgofadopljbjfkapdkoienihi/build/installHook.js:0
[   40456ms] [ERROR] ./output/Page.HeroPreview/index.js:2:1
Export installWheelSnap doesn't exist in target module
  1 | // Generated by purs version 0.15.16
> 2 | import * as $foreign from "./foreign.js";
    | ^^^^^^^^^^^^^^^^^^^^^^^^^^^^^^^^^^^^^^^^^
  3 | import * as Components_Scene from "../Components.Scene/index.js";
  4 | import * as Control_Applicative from "../Control.Applicative/index.js";
  5 | import * as Control_Bind from "../Control.Bind/index.js";

The export installWheelSnap was not found in module [project]/output/Page.HeroPreview/foreign.js [app-ssr] (ecmascript).
Did you mean to import installScrollSync?
All exports of the module are statically known (It doesn't have dynamic exports). So it's known statically that the requested export doesn't exist.

Import traces:
  Client Component Browser:
    ./output/Page.HeroPreview/index.js [Client Component Browser]
    ./output/Page.Boot/index.js [Client Component Browser]
    ./app/page.js [Client Component Browser]
    ./app/page.js [Server Component]

  Client Component SSR:
    ./output/Page.HeroPreview/index.js [Client Component SSR]
    ./output/Page.Boot/index.js [Client Component SSR]
    ./app/page.js [Client Component SSR]
    ./app/page.js [Server Component] @ chrome-extension://fmkadmapgofadopljbjfkapdkoienihi/build/installHook.js:0
[   40479ms] [LOG] [Fast Refresh] rebuilding @ http://localhost:3000/markgraf-www/_next/static/chunks/node_modules_next_dist_115brz8._.js:2431
[   40514ms] [ERROR] ./output/Page.HeroPreview/index.js:2:1
Export installWheelSnap doesn't exist in target module
  1 | // Generated by purs version 0.15.16
> 2 | import * as $foreign from "./foreign.js";
    | ^^^^^^^^^^^^^^^^^^^^^^^^^^^^^^^^^^^^^^^^^
  3 | import * as Components_Scene from "../Components.Scene/index.js";
  4 | import * as Control_Applicative from "../Control.Applicative/index.js";
  5 | import * as Control_Bind from "../Control.Bind/index.js";

The export installWheelSnap was not found in module [project]/output/Page.HeroPreview/foreign.js [app-client] (ecmascript).
Did you mean to import installScrollSync?
All exports of the module are statically known (It doesn't have dynamic exports). So it's known statically that the requested export doesn't exist.

Import traces:
  Client Component Browser:
    ./output/Page.HeroPreview/index.js [Client Component Browser]
    ./output/Page.Boot/index.js [Client Component Browser]
    ./app/page.js [Client Component Browser]
    ./app/page.js [Server Component]

  Client Component SSR:
    ./output/Page.HeroPreview/index.js [Client Component SSR]
    ./output/Page.Boot/index.js [Client Component SSR]
    ./app/page.js [Client Component SSR]
    ./app/page.js [Server Component] @ chrome-extension://fmkadmapgofadopljbjfkapdkoienihi/build/installHook.js:0
[   40515ms] [ERROR] ./output/Page.HeroPreview/index.js:2:1
Export installWheelSnap doesn't exist in target module
  1 | // Generated by purs version 0.15.16
> 2 | import * as $foreign from "./foreign.js";
    | ^^^^^^^^^^^^^^^^^^^^^^^^^^^^^^^^^^^^^^^^^
  3 | import * as Components_Scene from "../Components.Scene/index.js";
  4 | import * as Control_Applicative from "../Control.Applicative/index.js";
  5 | import * as Control_Bind from "../Control.Bind/index.js";

The export installWheelSnap was not found in module [project]/output/Page.HeroPreview/foreign.js [app-ssr] (ecmascript).
Did you mean to import installScrollSync?
All exports of the module are statically known (It doesn't have dynamic exports). So it's known statically that the requested export doesn't exist.

Import traces:
  Client Component Browser:
    ./output/Page.HeroPreview/index.js [Client Component Browser]
    ./output/Page.Boot/index.js [Client Component Browser]
    ./app/page.js [Client Component Browser]
    ./app/page.js [Server Component]

  Client Component SSR:
    ./output/Page.HeroPreview/index.js [Client Component SSR]
    ./output/Page.Boot/index.js [Client Component SSR]
    ./app/page.js [Client Component SSR]
    ./app/page.js [Server Component] @ chrome-extension://fmkadmapgofadopljbjfkapdkoienihi/build/installHook.js:0
[   40615ms] [LOG] [Fast Refresh] rebuilding @ http://localhost:3000/markgraf-www/_next/static/chunks/node_modules_next_dist_115brz8._.js:2431
[   40677ms] [WARNING] [Fast Refresh] performing full reload

Fast Refresh will perform a full reload when you edit a file that's imported by modules outside of the React rendering tree.
You might have a file which exports a React component but also exports a value that is imported by a non-React component file.
Consider migrating the non-React component export to a separate file and importing it into both files.

It is also possible the parent component of the component you edited is a class component, which disables Fast Refresh.
Fast Refresh requires at least one parent function component in your React tree. @ chrome-extension://fmkadmapgofadopljbjfkapdkoienihi/build/installHook.js:0
[   40729ms] [LOG] [Fast Refresh] done in 162ms @ http://localhost:3000/markgraf-www/_next/static/chunks/node_modules_next_dist_115brz8._.js:2431
[   40929ms] [LOG] [HMR] connected @ http://localhost:3000/markgraf-www/_next/static/chunks/node_modules_next_dist_115brz8._.js:2431
[   41130ms] [WARNING] THREE.Clock: This module has been deprecated. Please use THREE.Timer instead. @ chrome-extension://fmkadmapgofadopljbjfkapdkoienihi/build/installHook.js:0
[   41190ms] [WARNING] THREE.Clock: This module has been deprecated. Please use THREE.Timer instead. @ http://localhost:3000/markgraf-www/feltballs-worker.js:1716
[   98729ms] [ERROR] Unchecked runtime.lastError: Could not establish connection. Receiving end does not exist. @ http://localhost:3000/markgraf-www/:0
[   98729ms] [ERROR] Unchecked runtime.lastError: Could not establish connection. Receiving end does not exist. @ http://localhost:3000/markgraf-www/:0
[   98729ms] [ERROR] Unchecked runtime.lastError: Could not establish connection. Receiving end does not exist. @ http://localhost:3000/markgraf-www/:0
[   98729ms] [ERROR] Unchecked runtime.lastError: Could not establish connection. Receiving end does not exist. @ http://localhost:3000/markgraf-www/:0
[   98732ms] [ERROR] Unchecked runtime.lastError: Could not establish connection. Receiving end does not exist. @ http://localhost:3000/markgraf-www/:0
[   98732ms] [ERROR] Unchecked runtime.lastError: Could not establish connection. Receiving end does not exist. @ http://localhost:3000/markgraf-www/:0
[   98732ms] [ERROR] Unchecked runtime.lastError: Could not establish connection. Receiving end does not exist. @ http://localhost:3000/markgraf-www/:0
[   98732ms] [ERROR] Unchecked runtime.lastError: Could not establish connection. Receiving end does not exist. @ http://localhost:3000/markgraf-www/:0
[   98733ms] [ERROR] Unchecked runtime.lastError: Could not establish connection. Receiving end does not exist. @ http://localhost:3000/markgraf-www/:0
[   98733ms] [ERROR] Unchecked runtime.lastError: Could not establish connection. Receiving end does not exist. @ http://localhost:3000/markgraf-www/:0
[   98733ms] [ERROR] Unchecked runtime.lastError: Could not establish connection. Receiving end does not exist. @ http://localhost:3000/markgraf-www/:0
[   98733ms] [ERROR] Unchecked runtime.lastError: Could not establish connection. Receiving end does not exist. @ http://localhost:3000/markgraf-www/:0
[   98733ms] [ERROR] Unchecked runtime.lastError: Could not establish connection. Receiving end does not exist. @ http://localhost:3000/markgraf-www/:0
[   98734ms] [ERROR] Unchecked runtime.lastError: Could not establish connection. Receiving end does not exist. @ http://localhost:3000/markgraf-www/:0
[   98734ms] [ERROR] Unchecked runtime.lastError: Could not establish connection. Receiving end does not exist. @ http://localhost:3000/markgraf-www/:0
[   98734ms] [ERROR] Unchecked runtime.lastError: Could not establish connection. Receiving end does not exist. @ http://localhost:3000/markgraf-www/:0
[   98734ms] [ERROR] Unchecked runtime.lastError: Could not establish connection. Receiving end does not exist. @ http://localhost:3000/markgraf-www/:0
[   98734ms] [ERROR] Unchecked runtime.lastError: Could not establish connection. Receiving end does not exist. @ http://localhost:3000/markgraf-www/:0
[   98734ms] [ERROR] Unchecked runtime.lastError: Could not establish connection. Receiving end does not exist. @ http://localhost:3000/markgraf-www/:0
[   98735ms] [ERROR] Unchecked runtime.lastError: Could not establish connection. Receiving end does not exist. @ http://localhost:3000/markgraf-www/:0
[   98735ms] [ERROR] Unchecked runtime.lastError: Could not establish connection. Receiving end does not exist. @ http://localhost:3000/markgraf-www/:0
[   98735ms] [ERROR] Unchecked runtime.lastError: Could not establish connection. Receiving end does not exist. @ http://localhost:3000/markgraf-www/:0
[   98735ms] [ERROR] Unchecked runtime.lastError: Could not establish connection. Receiving end does not exist. @ http://localhost:3000/markgraf-www/:0
