[    1064ms] [ERROR] Failed to load resource: net::ERR_BLOCKED_BY_CLIENT @ https://collector.github.com/github/collect:0
[    1142ms] [ERROR] Failed to load resource: net::ERR_BLOCKED_BY_CLIENT @ https://collector.github.com/github/collect:0
[    1178ms] [ERROR] Failed to load resource: net::ERR_BLOCKED_BY_CLIENT @ https://collector.github.com/github/collect:0
[    1235ms] [ERROR] Failed to load resource: net::ERR_BLOCKED_BY_CLIENT @ https://collector.github.com/github/collect:0
[    1292ms] [ERROR] Failed to load resource: net::ERR_BLOCKED_BY_CLIENT @ https://collector.github.com/github/collect:0
[    1337ms] [ERROR] Failed to load resource: net::ERR_BLOCKED_BY_CLIENT @ https://collector.github.com/github/collect:0
[    1554ms] [ERROR] Failed to load resource: net::ERR_BLOCKED_BY_CLIENT @ https://collector.github.com/github/collect:0
[    1555ms] [ERROR] Failed to load resource: net::ERR_BLOCKED_BY_CLIENT @ https://api.github.com/_private/browser/stats:0
[    1555ms] [ERROR] Failed to load resource: net::ERR_BLOCKED_BY_CLIENT @ https://collector.github.com/github/collect:0
[    1556ms] [ERROR] Failed to load resource: net::ERR_BLOCKED_BY_CLIENT @ https://collector.github.com/github/collect:0
[    1571ms] [ERROR] Failed to load resource: net::ERR_BLOCKED_BY_CLIENT @ https://collector.github.com/github/collect:0
[    1584ms] [ERROR] Failed to load resource: net::ERR_BLOCKED_BY_CLIENT @ https://collector.github.com/github/collect:0
[    3910ms] [ERROR] Failed to load resource: net::ERR_BLOCKED_BY_CLIENT @ https://collector.github.com/github/collect:0
[    5562ms] [ERROR] Failed to load resource: net::ERR_BLOCKED_BY_CLIENT @ https://collector.github.com/github/collect:0
[    6398ms] [ERROR] Failed to load resource: net::ERR_BLOCKED_BY_CLIENT @ https://collector.github.com/github/collect:0
[    6398ms] [ERROR] Failed to load resource: net::ERR_BLOCKED_BY_CLIENT @ https://collector.github.com/github/collect:0
[    6477ms] [ERROR] Failed to load resource: net::ERR_BLOCKED_BY_CLIENT @ https://collector.github.com/github/collect:0
[    6478ms] [ERROR] Failed to load resource: net::ERR_BLOCKED_BY_CLIENT @ https://collector.github.com/github/collect:0
[    7125ms] [ERROR] Failed to load resource: net::ERR_BLOCKED_BY_CLIENT @ https://collector.github.com/github/collect:0
[    7230ms] [ERROR] Failed to load resource: net::ERR_BLOCKED_BY_CLIENT @ https://collector.github.com/github/collect:0
[    7266ms] [ERROR] Failed to load resource: net::ERR_BLOCKED_BY_CLIENT @ https://collector.github.com/github/collect:0
[    7883ms] [ERROR] Failed to load resource: net::ERR_BLOCKED_BY_CLIENT @ https://collector.github.com/github/collect:0
[    8538ms] [ERROR] Failed to load resource: net::ERR_BLOCKED_BY_CLIENT @ https://collector.github.com/github/collect:0
[    8541ms] [ERROR] Failed to load resource: net::ERR_BLOCKED_BY_CLIENT @ https://collector.github.com/github/collect:0
[    9113ms] [ERROR] Failed to load resource: net::ERR_BLOCKED_BY_CLIENT @ https://collector.github.com/github/collect:0
[    9698ms] [ERROR] Failed to load resource: net::ERR_BLOCKED_BY_CLIENT @ https://collector.github.com/github/collect:0
[    9708ms] [ERROR] Failed to load resource: net::ERR_BLOCKED_BY_CLIENT @ https://collector.github.com/github/collect:0
[   10409ms] [ERROR] Failed to load resource: net::ERR_BLOCKED_BY_CLIENT @ https://collector.github.com/github/collect:0
[   23572ms] [ERROR] Failed to load resource: net::ERR_BLOCKED_BY_CLIENT @ https://collector.github.com/github/collect:0
[  349029ms] [ERROR] Unchecked runtime.lastError: Could not establish connection. Receiving end does not exist. @ https://github.com/i-am-the-slime/markgraf/pull/7/changes:0
[  349029ms] [ERROR] Unchecked runtime.lastError: Could not establish connection. Receiving end does not exist. @ https://github.com/i-am-the-slime/markgraf/pull/7/changes:0
[  349029ms] [ERROR] Unchecked runtime.lastError: Could not establish connection. Receiving end does not exist. @ https://github.com/i-am-the-slime/markgraf/pull/7/changes:0
[  349030ms] [ERROR] Unchecked runtime.lastError: Could not establish connection. Receiving end does not exist. @ https://github.com/i-am-the-slime/markgraf/pull/7/changes:0
[  349030ms] [ERROR] Unchecked runtime.lastError: Could not establish connection. Receiving end does not exist. @ https://github.com/i-am-the-slime/markgraf/pull/7/changes:0
[  349030ms] [ERROR] Unchecked runtime.lastError: Could not establish connection. Receiving end does not exist. @ https://github.com/i-am-the-slime/markgraf/pull/7/changes:0
[  349031ms] [ERROR] Unchecked runtime.lastError: Could not establish connection. Receiving end does not exist. @ https://github.com/i-am-the-slime/markgraf/pull/7/changes:0
[  349031ms] [ERROR] Unchecked runtime.lastError: Could not establish connection. Receiving end does not exist. @ https://github.com/i-am-the-slime/markgraf/pull/7/changes:0
[  349031ms] [ERROR] Unchecked runtime.lastError: Could not establish connection. Receiving end does not exist. @ https://github.com/i-am-the-slime/markgraf/pull/7/changes:0
[  349032ms] [ERROR] Unchecked runtime.lastError: Could not establish connection. Receiving end does not exist. @ https://github.com/i-am-the-slime/markgraf/pull/7/changes:0
[  349032ms] [ERROR] Unchecked runtime.lastError: Could not establish connection. Receiving end does not exist. @ https://github.com/i-am-the-slime/markgraf/pull/7/changes:0
[  349032ms] [ERROR] Unchecked runtime.lastError: Could not establish connection. Receiving end does not exist. @ https://github.com/i-am-the-slime/markgraf/pull/7/changes:0
[  349033ms] [ERROR] Unchecked runtime.lastError: Could not establish connection. Receiving end does not exist. @ https://github.com/i-am-the-slime/markgraf/pull/7/changes:0
[  349033ms] [ERROR] Unchecked runtime.lastError: Could not establish connection. Receiving end does not exist. @ https://github.com/i-am-the-slime/markgraf/pull/7/changes:0
[  349033ms] [ERROR] Unchecked runtime.lastError: Could not establish connection. Receiving end does not exist. @ https://github.com/i-am-the-slime/markgraf/pull/7/changes:0
[  349034ms] [ERROR] Unchecked runtime.lastError: Could not establish connection. Receiving end does not exist. @ https://github.com/i-am-the-slime/markgraf/pull/7/changes:0
[  349034ms] [ERROR] Unchecked runtime.lastError: Could not establish connection. Receiving end does not exist. @ https://github.com/i-am-the-slime/markgraf/pull/7/changes:0
[  349034ms] [ERROR] Unchecked runtime.lastError: Could not establish connection. Receiving end does not exist. @ https://github.com/i-am-the-slime/markgraf/pull/7/changes:0
[  349034ms] [ERROR] Unchecked runtime.lastError: Could not establish connection. Receiving end does not exist. @ https://github.com/i-am-the-slime/markgraf/pull/7/changes:0
[  419031ms] [ERROR] Unchecked runtime.lastError: Could not establish connection. Receiving end does not exist. @ https://github.com/i-am-the-slime/markgraf/pull/7/changes:0
[  419031ms] [ERROR] Unchecked runtime.lastError: Could not establish connection. Receiving end does not exist. @ https://github.com/i-am-the-slime/markgraf/pull/7/changes:0
[  419031ms] [ERROR] Unchecked runtime.lastError: Could not establish connection. Receiving end does not exist. @ https://github.com/i-am-the-slime/markgraf/pull/7/changes:0
[  419032ms] [ERROR] Unchecked runtime.lastError: Could not establish connection. Receiving end does not exist. @ https://github.com/i-am-the-slime/markgraf/pull/7/changes:0
[  419032ms] [ERROR] Unchecked runtime.lastError: Could not establish connection. Receiving end does not exist. @ https://github.com/i-am-the-slime/markgraf/pull/7/changes:0
[  419032ms] [ERROR] Unchecked runtime.lastError: Could not establish connection. Receiving end does not exist. @ https://github.com/i-am-the-slime/markgraf/pull/7/changes:0
[  419033ms] [ERROR] Unchecked runtime.lastError: Could not establish connection. Receiving end does not exist. @ https://github.com/i-am-the-slime/markgraf/pull/7/changes:0
[  419033ms] [ERROR] Unchecked runtime.lastError: Could not establish connection. Receiving end does not exist. @ https://github.com/i-am-the-slime/markgraf/pull/7/changes:0
[  419033ms] [ERROR] Unchecked runtime.lastError: Could not establish connection. Receiving end does not exist. @ https://github.com/i-am-the-slime/markgraf/pull/7/changes:0
[  419033ms] [ERROR] Unchecked runtime.lastError: Could not establish connection. Receiving end does not exist. @ https://github.com/i-am-the-slime/markgraf/pull/7/changes:0
[  419034ms] [ERROR] Unchecked runtime.lastError: Could not establish connection. Receiving end does not exist. @ https://github.com/i-am-the-slime/markgraf/pull/7/changes:0
[  419034ms] [ERROR] Unchecked runtime.lastError: Could not establish connection. Receiving end does not exist. @ https://github.com/i-am-the-slime/markgraf/pull/7/changes:0
[  419034ms] [ERROR] Unchecked runtime.lastError: Could not establish connection. Receiving end does not exist. @ https://github.com/i-am-the-slime/markgraf/pull/7/changes:0
[  419035ms] [ERROR] Unchecked runtime.lastError: Could not establish connection. Receiving end does not exist. @ https://github.com/i-am-the-slime/markgraf/pull/7/changes:0
[  419035ms] [ERROR] Unchecked runtime.lastError: Could not establish connection. Receiving end does not exist. @ https://github.com/i-am-the-slime/markgraf/pull/7/changes:0
[  419035ms] [ERROR] Unchecked runtime.lastError: Could not establish connection. Receiving end does not exist. @ https://github.com/i-am-the-slime/markgraf/pull/7/changes:0
[  419036ms] [ERROR] Unchecked runtime.lastError: Could not establish connection. Receiving end does not exist. @ https://github.com/i-am-the-slime/markgraf/pull/7/changes:0
[  419036ms] [ERROR] Unchecked runtime.lastError: Could not establish connection. Receiving end does not exist. @ https://github.com/i-am-the-slime/markgraf/pull/7/changes:0
[  419036ms] [ERROR] Unchecked runtime.lastError: Could not establish connection. Receiving end does not exist. @ https://github.com/i-am-the-slime/markgraf/pull/7/changes:0
[  419036ms] [ERROR] Unchecked runtime.lastError: Could not establish connection. Receiving end does not exist. @ https://github.com/i-am-the-slime/markgraf/pull/7/changes:0
[  419036ms] [ERROR] Unchecked runtime.lastError: Could not establish connection. Receiving end does not exist. @ https://github.com/i-am-the-slime/markgraf/pull/7/changes:0
[  419037ms] [ERROR] Unchecked runtime.lastError: Could not establish connection. Receiving end does not exist. @ https://github.com/i-am-the-slime/markgraf/pull/7/changes:0
[  519029ms] [ERROR] Unchecked runtime.lastError: Could not establish connection. Receiving end does not exist. @ https://github.com/i-am-the-slime/markgraf/pull/7/changes:0
[  519029ms] [ERROR] Unchecked runtime.lastError: Could not establish connection. Receiving end does not exist. @ https://github.com/i-am-the-slime/markgraf/pull/7/changes:0
[  519030ms] [ERROR] Unchecked runtime.lastError: Could not establish connection. Receiving end does not exist. @ https://github.com/i-am-the-slime/markgraf/pull/7/changes:0
[  519030ms] [ERROR] Unchecked runtime.lastError: Could not establish connection. Receiving end does not exist. @ https://github.com/i-am-the-slime/markgraf/pull/7/changes:0
[  519030ms] [ERROR] Unchecked runtime.lastError: Could not establish connection. Receiving end does not exist. @ https://github.com/i-am-the-slime/markgraf/pull/7/changes:0
[  519031ms] [ERROR] Unchecked runtime.lastError: Could not establish connection. Receiving end does not exist. @ https://github.com/i-am-the-slime/markgraf/pull/7/changes:0
[  519031ms] [ERROR] Unchecked runtime.lastError: Could not establish connection. Receiving end does not exist. @ https://github.com/i-am-the-slime/markgraf/pull/7/changes:0
[  519032ms] [ERROR] Unchecked runtime.lastError: Could not establish connection. Receiving end does not exist. @ https://github.com/i-am-the-slime/markgraf/pull/7/changes:0
[  519032ms] [ERROR] Unchecked runtime.lastError: Could not establish connection. Receiving end does not exist. @ https://github.com/i-am-the-slime/markgraf/pull/7/changes:0
[  519032ms] [ERROR] Unchecked runtime.lastError: Could not establish connection. Receiving end does not exist. @ https://github.com/i-am-the-slime/markgraf/pull/7/changes:0
[  519033ms] [ERROR] Unchecked runtime.lastError: Could not establish connection. Receiving end does not exist. @ https://github.com/i-am-the-slime/markgraf/pull/7/changes:0
[  519033ms] [ERROR] Unchecked runtime.lastError: Could not establish connection. Receiving end does not exist. @ https://github.com/i-am-the-slime/markgraf/pull/7/changes:0
[  519033ms] [ERROR] Unchecked runtime.lastError: Could not establish connection. Receiving end does not exist. @ https://github.com/i-am-the-slime/markgraf/pull/7/changes:0
[  519034ms] [ERROR] Unchecked runtime.lastError: Could not establish connection. Receiving end does not exist. @ https://github.com/i-am-the-slime/markgraf/pull/7/changes:0
[  519034ms] [ERROR] Unchecked runtime.lastError: Could not establish connection. Receiving end does not exist. @ https://github.com/i-am-the-slime/markgraf/pull/7/changes:0
[  519034ms] [ERROR] Unchecked runtime.lastError: Could not establish connection. Receiving end does not exist. @ https://github.com/i-am-the-slime/markgraf/pull/7/changes:0
[  519035ms] [ERROR] Unchecked runtime.lastError: Could not establish connection. Receiving end does not exist. @ https://github.com/i-am-the-slime/markgraf/pull/7/changes:0
[  519035ms] [ERROR] Unchecked runtime.lastError: Could not establish connection. Receiving end does not exist. @ https://github.com/i-am-the-slime/markgraf/pull/7/changes:0
[  843038ms] [ERROR] Unchecked runtime.lastError: Could not establish connection. Receiving end does not exist. @ https://github.com/i-am-the-slime/markgraf/pull/7/changes:0
[  843039ms] [ERROR] Unchecked runtime.lastError: Could not establish connection. Receiving end does not exist. @ https://github.com/i-am-the-slime/markgraf/pull/7/changes:0
[  843040ms] [ERROR] Unchecked runtime.lastError: Could not establish connection. Receiving end does not exist. @ https://github.com/i-am-the-slime/markgraf/pull/7/changes:0
[  843040ms] [ERROR] Unchecked runtime.lastError: Could not establish connection. Receiving end does not exist. @ https://github.com/i-am-the-slime/markgraf/pull/7/changes:0
[  843041ms] [ERROR] Unchecked runtime.lastError: Could not establish connection. Receiving end does not exist. @ https://github.com/i-am-the-slime/markgraf/pull/7/changes:0
[  843041ms] [ERROR] Unchecked runtime.lastError: Could not establish connection. Receiving end does not exist. @ https://github.com/i-am-the-slime/markgraf/pull/7/changes:0
[  843041ms] [ERROR] Unchecked runtime.lastError: Could not establish connection. Receiving end does not exist. @ https://github.com/i-am-the-slime/markgraf/pull/7/changes:0
[  843042ms] [ERROR] Unchecked runtime.lastError: Could not establish connection. Receiving end does not exist. @ https://github.com/i-am-the-slime/markgraf/pull/7/changes:0
[  843042ms] [ERROR] Unchecked runtime.lastError: Could not establish connection. Receiving end does not exist. @ https://github.com/i-am-the-slime/markgraf/pull/7/changes:0
[  843043ms] [ERROR] Unchecked runtime.lastError: Could not establish connection. Receiving end does not exist. @ https://github.com/i-am-the-slime/markgraf/pull/7/changes:0
[  843043ms] [ERROR] Unchecked runtime.lastError: Could not establish connection. Receiving end does not exist. @ https://github.com/i-am-the-slime/markgraf/pull/7/changes:0
[  843044ms] [ERROR] Unchecked runtime.lastError: Could not establish connection. Receiving end does not exist. @ https://github.com/i-am-the-slime/markgraf/pull/7/changes:0
[  843044ms] [ERROR] Unchecked runtime.lastError: Could not establish connection. Receiving end does not exist. @ https://github.com/i-am-the-slime/markgraf/pull/7/changes:0
[ 1040519ms] [ERROR] Unchecked runtime.lastError: Could not establish connection. Receiving end does not exist. @ https://github.com/i-am-the-slime/markgraf/pull/7/changes:0
[ 1040519ms] [ERROR] Unchecked runtime.lastError: Could not establish connection. Receiving end does not exist. @ https://github.com/i-am-the-slime/markgraf/pull/7/changes:0
[ 1040520ms] [ERROR] Unchecked runtime.lastError: Could not establish connection. Receiving end does not exist. @ https://github.com/i-am-the-slime/markgraf/pull/7/changes:0
[ 1040520ms] [ERROR] Unchecked runtime.lastError: Could not establish connection. Receiving end does not exist. @ https://github.com/i-am-the-slime/markgraf/pull/7/changes:0
[ 1040521ms] [ERROR] Unchecked runtime.lastError: Could not establish connection. Receiving end does not exist. @ https://github.com/i-am-the-slime/markgraf/pull/7/changes:0
[ 1040521ms] [ERROR] Unchecked runtime.lastError: Could not establish connection. Receiving end does not exist. @ https://github.com/i-am-the-slime/markgraf/pull/7/changes:0
[ 1040521ms] [ERROR] Unchecked runtime.lastError: Could not establish connection. Receiving end does not exist. @ https://github.com/i-am-the-slime/markgraf/pull/7/changes:0
[ 1040522ms] [ERROR] Unchecked runtime.lastError: Could not establish connection. Receiving end does not exist. @ https://github.com/i-am-the-slime/markgraf/pull/7/changes:0
[ 1040522ms] [ERROR] Unchecked runtime.lastError: Could not establish connection. Receiving end does not exist. @ https://github.com/i-am-the-slime/markgraf/pull/7/changes:0
[ 1040523ms] [ERROR] Unchecked runtime.lastError: Could not establish connection. Receiving end does not exist. @ https://github.com/i-am-the-slime/markgraf/pull/7/changes:0
[ 1040523ms] [ERROR] Unchecked runtime.lastError: Could not establish connection. Receiving end does not exist. @ https://github.com/i-am-the-slime/markgraf/pull/7/changes:0
[ 1040523ms] [ERROR] Unchecked runtime.lastError: Could not establish connection. Receiving end does not exist. @ https://github.com/i-am-the-slime/markgraf/pull/7/changes:0
[ 1040524ms] [ERROR] Unchecked runtime.lastError: Could not establish connection. Receiving end does not exist. @ https://github.com/i-am-the-slime/markgraf/pull/7/changes:0
[ 1040524ms] [ERROR] Unchecked runtime.lastError: Could not establish connection. Receiving end does not exist. @ https://github.com/i-am-the-slime/markgraf/pull/7/changes:0
[ 1040524ms] [ERROR] Unchecked runtime.lastError: Could not establish connection. Receiving end does not exist. @ https://github.com/i-am-the-slime/markgraf/pull/7/changes:0
[ 1078788ms] [ERROR] Unchecked runtime.lastError: Could not establish connection. Receiving end does not exist. @ https://github.com/i-am-the-slime/markgraf/pull/7/changes:0
[ 1078788ms] [ERROR] Unchecked runtime.lastError: Could not establish connection. Receiving end does not exist. @ https://github.com/i-am-the-slime/markgraf/pull/7/changes:0
[ 1078788ms] [ERROR] Unchecked runtime.lastError: Could not establish connection. Receiving end does not exist. @ https://github.com/i-am-the-slime/markgraf/pull/7/changes:0
[ 1078789ms] [ERROR] Unchecked runtime.lastError: Could not establish connection. Receiving end does not exist. @ https://github.com/i-am-the-slime/markgraf/pull/7/changes:0
[ 1078789ms] [ERROR] Unchecked runtime.lastError: Could not establish connection. Receiving end does not exist. @ https://github.com/i-am-the-slime/markgraf/pull/7/changes:0
[ 1109630ms] [ERROR] Unchecked runtime.lastError: Could not establish connection. Receiving end does not exist. @ https://github.com/i-am-the-slime/markgraf/pull/7/changes:0
[ 1109631ms] [ERROR] Unchecked runtime.lastError: Could not establish connection. Receiving end does not exist. @ https://github.com/i-am-the-slime/markgraf/pull/7/changes:0
[ 1109631ms] [ERROR] Unchecked runtime.lastError: Could not establish connection. Receiving end does not exist. @ https://github.com/i-am-the-slime/markgraf/pull/7/changes:0
[ 1109632ms] [ERROR] Unchecked runtime.lastError: Could not establish connection. Receiving end does not exist. @ https://github.com/i-am-the-slime/markgraf/pull/7/changes:0
[ 1109632ms] [ERROR] Unchecked runtime.lastError: Could not establish connection. Receiving end does not exist. @ https://github.com/i-am-the-slime/markgraf/pull/7/changes:0
[ 1109633ms] [ERROR] Unchecked runtime.lastError: Could not establish connection. Receiving end does not exist. @ https://github.com/i-am-the-slime/markgraf/pull/7/changes:0
[ 1109633ms] [ERROR] Unchecked runtime.lastError: Could not establish connection. Receiving end does not exist. @ https://github.com/i-am-the-slime/markgraf/pull/7/changes:0
[ 1109634ms] [ERROR] Unchecked runtime.lastError: Could not establish connection. Receiving end does not exist. @ https://github.com/i-am-the-slime/markgraf/pull/7/changes:0
[ 1109634ms] [ERROR] Unchecked runtime.lastError: Could not establish connection. Receiving end does not exist. @ https://github.com/i-am-the-slime/markgraf/pull/7/changes:0
[ 1109635ms] [ERROR] Unchecked runtime.lastError: Could not establish connection. Receiving end does not exist. @ https://github.com/i-am-the-slime/markgraf/pull/7/changes:0
[ 1109635ms] [ERROR] Unchecked runtime.lastError: Could not establish connection. Receiving end does not exist. @ https://github.com/i-am-the-slime/markgraf/pull/7/changes:0
[ 1109635ms] [ERROR] Unchecked runtime.lastError: Could not establish connection. Receiving end does not exist. @ https://github.com/i-am-the-slime/markgraf/pull/7/changes:0
[ 1109636ms] [ERROR] Unchecked runtime.lastError: Could not establish connection. Receiving end does not exist. @ https://github.com/i-am-the-slime/markgraf/pull/7/changes:0
[ 1151364ms] [ERROR] Unchecked runtime.lastError: Could not establish connection. Receiving end does not exist. @ https://github.com/i-am-the-slime/markgraf/pull/7/changes:0
[ 1151364ms] [ERROR] Unchecked runtime.lastError: Could not establish connection. Receiving end does not exist. @ https://github.com/i-am-the-slime/markgraf/pull/7/changes:0
[ 1151365ms] [ERROR] Unchecked runtime.lastError: Could not establish connection. Receiving end does not exist. @ https://github.com/i-am-the-slime/markgraf/pull/7/changes:0
[ 1151365ms] [ERROR] Unchecked runtime.lastError: Could not establish connection. Receiving end does not exist. @ https://github.com/i-am-the-slime/markgraf/pull/7/changes:0
[ 1151366ms] [ERROR] Unchecked runtime.lastError: Could not establish connection. Receiving end does not exist. @ https://github.com/i-am-the-slime/markgraf/pull/7/changes:0
[ 1151366ms] [ERROR] Unchecked runtime.lastError: Could not establish connection. Receiving end does not exist. @ https://github.com/i-am-the-slime/markgraf/pull/7/changes:0
[ 1151367ms] [ERROR] Unchecked runtime.lastError: Could not establish connection. Receiving end does not exist. @ https://github.com/i-am-the-slime/markgraf/pull/7/changes:0
[ 1151367ms] [ERROR] Unchecked runtime.lastError: Could not establish connection. Receiving end does not exist. @ https://github.com/i-am-the-slime/markgraf/pull/7/changes:0
[ 1151367ms] [ERROR] Unchecked runtime.lastError: Could not establish connection. Receiving end does not exist. @ https://github.com/i-am-the-slime/markgraf/pull/7/changes:0
[ 1151368ms] [ERROR] Unchecked runtime.lastError: Could not establish connection. Receiving end does not exist. @ https://github.com/i-am-the-slime/markgraf/pull/7/changes:0
[ 1151368ms] [ERROR] Unchecked runtime.lastError: Could not establish connection. Receiving end does not exist. @ https://github.com/i-am-the-slime/markgraf/pull/7/changes:0
[ 1151369ms] [ERROR] Unchecked runtime.lastError: Could not establish connection. Receiving end does not exist. @ https://github.com/i-am-the-slime/markgraf/pull/7/changes:0
[ 1151369ms] [ERROR] Unchecked runtime.lastError: Could not establish connection. Receiving end does not exist. @ https://github.com/i-am-the-slime/markgraf/pull/7/changes:0
[ 1151369ms] [ERROR] Unchecked runtime.lastError: Could not establish connection. Receiving end does not exist. @ https://github.com/i-am-the-slime/markgraf/pull/7/changes:0
[ 1151370ms] [ERROR] Unchecked runtime.lastError: Could not establish connection. Receiving end does not exist. @ https://github.com/i-am-the-slime/markgraf/pull/7/changes:0
[ 1151370ms] [ERROR] Unchecked runtime.lastError: Could not establish connection. Receiving end does not exist. @ https://github.com/i-am-the-slime/markgraf/pull/7/changes:0
[ 1235677ms] [ERROR] Unchecked runtime.lastError: Could not establish connection. Receiving end does not exist. @ https://github.com/i-am-the-slime/markgraf/pull/7/changes:0
[ 1235678ms] [ERROR] Unchecked runtime.lastError: Could not establish connection. Receiving end does not exist. @ https://github.com/i-am-the-slime/markgraf/pull/7/changes:0
[ 1235679ms] [ERROR] Unchecked runtime.lastError: Could not establish connection. Receiving end does not exist. @ https://github.com/i-am-the-slime/markgraf/pull/7/changes:0
[ 1235679ms] [ERROR] Unchecked runtime.lastError: Could not establish connection. Receiving end does not exist. @ https://github.com/i-am-the-slime/markgraf/pull/7/changes:0
[ 1235680ms] [ERROR] Unchecked runtime.lastError: Could not establish connection. Receiving end does not exist. @ https://github.com/i-am-the-slime/markgraf/pull/7/changes:0
[ 1235680ms] [ERROR] Unchecked runtime.lastError: Could not establish connection. Receiving end does not exist. @ https://github.com/i-am-the-slime/markgraf/pull/7/changes:0
[ 1235681ms] [ERROR] Unchecked runtime.lastError: Could not establish connection. Receiving end does not exist. @ https://github.com/i-am-the-slime/markgraf/pull/7/changes:0
[ 1235681ms] [ERROR] Unchecked runtime.lastError: Could not establish connection. Receiving end does not exist. @ https://github.com/i-am-the-slime/markgraf/pull/7/changes:0
[ 1235681ms] [ERROR] Unchecked runtime.lastError: Could not establish connection. Receiving end does not exist. @ https://github.com/i-am-the-slime/markgraf/pull/7/changes:0
[ 1235682ms] [ERROR] Unchecked runtime.lastError: Could not establish connection. Receiving end does not exist. @ https://github.com/i-am-the-slime/markgraf/pull/7/changes:0
[ 1235682ms] [ERROR] Unchecked runtime.lastError: Could not establish connection. Receiving end does not exist. @ https://github.com/i-am-the-slime/markgraf/pull/7/changes:0
[ 1235683ms] [ERROR] Unchecked runtime.lastError: Could not establish connection. Receiving end does not exist. @ https://github.com/i-am-the-slime/markgraf/pull/7/changes:0
[ 1235683ms] [ERROR] Unchecked runtime.lastError: Could not establish connection. Receiving end does not exist. @ https://github.com/i-am-the-slime/markgraf/pull/7/changes:0
[ 1235683ms] [ERROR] Unchecked runtime.lastError: Could not establish connection. Receiving end does not exist. @ https://github.com/i-am-the-slime/markgraf/pull/7/changes:0
[ 1235684ms] [ERROR] Unchecked runtime.lastError: Could not establish connection. Receiving end does not exist. @ https://github.com/i-am-the-slime/markgraf/pull/7/changes:0
[ 1235684ms] [ERROR] Unchecked runtime.lastError: Could not establish connection. Receiving end does not exist. @ https://github.com/i-am-the-slime/markgraf/pull/7/changes:0
[ 1266519ms] [ERROR] Unchecked runtime.lastError: Could not establish connection. Receiving end does not exist. @ https://github.com/i-am-the-slime/markgraf/pull/7/changes:0
[ 1266520ms] [ERROR] Unchecked runtime.lastError: Could not establish connection. Receiving end does not exist. @ https://github.com/i-am-the-slime/markgraf/pull/7/changes:0
[ 1266520ms] [ERROR] Unchecked runtime.lastError: Could not establish connection. Receiving end does not exist. @ https://github.com/i-am-the-slime/markgraf/pull/7/changes:0
[ 1266520ms] [ERROR] Unchecked runtime.lastError: Could not establish connection. Receiving end does not exist. @ https://github.com/i-am-the-slime/markgraf/pull/7/changes:0
[ 1266521ms] [ERROR] Unchecked runtime.lastError: Could not establish connection. Receiving end does not exist. @ https://github.com/i-am-the-slime/markgraf/pull/7/changes:0
[ 1297349ms] [ERROR] Unchecked runtime.lastError: Could not establish connection. Receiving end does not exist. @ https://github.com/i-am-the-slime/markgraf/pull/7/changes:0
[ 1297350ms] [ERROR] Unchecked runtime.lastError: Could not establish connection. Receiving end does not exist. @ https://github.com/i-am-the-slime/markgraf/pull/7/changes:0
[ 1297351ms] [ERROR] Unchecked runtime.lastError: Could not establish connection. Receiving end does not exist. @ https://github.com/i-am-the-slime/markgraf/pull/7/changes:0
[ 1297351ms] [ERROR] Unchecked runtime.lastError: Could not establish connection. Receiving end does not exist. @ https://github.com/i-am-the-slime/markgraf/pull/7/changes:0
[ 1328224ms] [ERROR] Unchecked runtime.lastError: Could not establish connection. Receiving end does not exist. @ https://github.com/i-am-the-slime/markgraf/pull/7/changes:0
[ 1328225ms] [ERROR] Unchecked runtime.lastError: Could not establish connection. Receiving end does not exist. @ https://github.com/i-am-the-slime/markgraf/pull/7/changes:0
[ 1328225ms] [ERROR] Unchecked runtime.lastError: Could not establish connection. Receiving end does not exist. @ https://github.com/i-am-the-slime/markgraf/pull/7/changes:0
[ 1328226ms] [ERROR] Unchecked runtime.lastError: Could not establish connection. Receiving end does not exist. @ https://github.com/i-am-the-slime/markgraf/pull/7/changes:0
[ 1328226ms] [ERROR] Unchecked runtime.lastError: Could not establish connection. Receiving end does not exist. @ https://github.com/i-am-the-slime/markgraf/pull/7/changes:0
[ 1328227ms] [ERROR] Unchecked runtime.lastError: Could not establish connection. Receiving end does not exist. @ https://github.com/i-am-the-slime/markgraf/pull/7/changes:0
[ 1328227ms] [ERROR] Unchecked runtime.lastError: Could not establish connection. Receiving end does not exist. @ https://github.com/i-am-the-slime/markgraf/pull/7/changes:0
[ 1328228ms] [ERROR] Unchecked runtime.lastError: Could not establish connection. Receiving end does not exist. @ https://github.com/i-am-the-slime/markgraf/pull/7/changes:0
[ 1328228ms] [ERROR] Unchecked runtime.lastError: Could not establish connection. Receiving end does not exist. @ https://github.com/i-am-the-slime/markgraf/pull/7/changes:0
[ 1328228ms] [ERROR] Unchecked runtime.lastError: Could not establish connection. Receiving end does not exist. @ https://github.com/i-am-the-slime/markgraf/pull/7/changes:0
[ 1328229ms] [ERROR] Unchecked runtime.lastError: Could not establish connection. Receiving end does not exist. @ https://github.com/i-am-the-slime/markgraf/pull/7/changes:0
[ 1328229ms] [ERROR] Unchecked runtime.lastError: Could not establish connection. Receiving end does not exist. @ https://github.com/i-am-the-slime/markgraf/pull/7/changes:0
[ 1328230ms] [ERROR] Unchecked runtime.lastError: Could not establish connection. Receiving end does not exist. @ https://github.com/i-am-the-slime/markgraf/pull/7/changes:0
[ 1328230ms] [ERROR] Unchecked runtime.lastError: Could not establish connection. Receiving end does not exist. @ https://github.com/i-am-the-slime/markgraf/pull/7/changes:0
[ 1328231ms] [ERROR] Unchecked runtime.lastError: Could not establish connection. Receiving end does not exist. @ https://github.com/i-am-the-slime/markgraf/pull/7/changes:0
[ 1359107ms] [ERROR] Unchecked runtime.lastError: Could not establish connection. Receiving end does not exist. @ https://github.com/i-am-the-slime/markgraf/pull/7/changes:0
[ 1359107ms] [ERROR] Unchecked runtime.lastError: Could not establish connection. Receiving end does not exist. @ https://github.com/i-am-the-slime/markgraf/pull/7/changes:0
[ 1359108ms] [ERROR] Unchecked runtime.lastError: Could not establish connection. Receiving end does not exist. @ https://github.com/i-am-the-slime/markgraf/pull/7/changes:0
[ 1359108ms] [ERROR] Unchecked runtime.lastError: Could not establish connection. Receiving end does not exist. @ https://github.com/i-am-the-slime/markgraf/pull/7/changes:0
[ 1359108ms] [ERROR] Unchecked runtime.lastError: Could not establish connection. Receiving end does not exist. @ https://github.com/i-am-the-slime/markgraf/pull/7/changes:0
[ 1359109ms] [ERROR] Unchecked runtime.lastError: Could not establish connection. Receiving end does not exist. @ https://github.com/i-am-the-slime/markgraf/pull/7/changes:0
[ 1359109ms] [ERROR] Unchecked runtime.lastError: Could not establish connection. Receiving end does not exist. @ https://github.com/i-am-the-slime/markgraf/pull/7/changes:0
[ 1359110ms] [ERROR] Unchecked runtime.lastError: Could not establish connection. Receiving end does not exist. @ https://github.com/i-am-the-slime/markgraf/pull/7/changes:0
[ 1359110ms] [ERROR] Unchecked runtime.lastError: Could not establish connection. Receiving end does not exist. @ https://github.com/i-am-the-slime/markgraf/pull/7/changes:0
[ 1359111ms] [ERROR] Unchecked runtime.lastError: Could not establish connection. Receiving end does not exist. @ https://github.com/i-am-the-slime/markgraf/pull/7/changes:0
[ 1359111ms] [ERROR] Unchecked runtime.lastError: Could not establish connection. Receiving end does not exist. @ https://github.com/i-am-the-slime/markgraf/pull/7/changes:0
[ 1359112ms] [ERROR] Unchecked runtime.lastError: Could not establish connection. Receiving end does not exist. @ https://github.com/i-am-the-slime/markgraf/pull/7/changes:0
[ 1359112ms] [ERROR] Unchecked runtime.lastError: Could not establish connection. Receiving end does not exist. @ https://github.com/i-am-the-slime/markgraf/pull/7/changes:0
[ 1392568ms] [ERROR] Unchecked runtime.lastError: Could not establish connection. Receiving end does not exist. @ https://github.com/i-am-the-slime/markgraf/pull/7/changes:0
[ 1392569ms] [ERROR] Unchecked runtime.lastError: Could not establish connection. Receiving end does not exist. @ https://github.com/i-am-the-slime/markgraf/pull/7/changes:0
[ 1392570ms] [ERROR] Unchecked runtime.lastError: Could not establish connection. Receiving end does not exist. @ https://github.com/i-am-the-slime/markgraf/pull/7/changes:0
[ 1392570ms] [ERROR] Unchecked runtime.lastError: Could not establish connection. Receiving end does not exist. @ https://github.com/i-am-the-slime/markgraf/pull/7/changes:0
[ 1423606ms] [ERROR] Unchecked runtime.lastError: Could not establish connection. Receiving end does not exist. @ https://github.com/i-am-the-slime/markgraf/pull/7/changes:0
[ 1423606ms] [ERROR] Unchecked runtime.lastError: Could not establish connection. Receiving end does not exist. @ https://github.com/i-am-the-slime/markgraf/pull/7/changes:0
[ 1423607ms] [ERROR] Unchecked runtime.lastError: Could not establish connection. Receiving end does not exist. @ https://github.com/i-am-the-slime/markgraf/pull/7/changes:0
[ 1423607ms] [ERROR] Unchecked runtime.lastError: Could not establish connection. Receiving end does not exist. @ https://github.com/i-am-the-slime/markgraf/pull/7/changes:0
[ 1423608ms] [ERROR] Unchecked runtime.lastError: Could not establish connection. Receiving end does not exist. @ https://github.com/i-am-the-slime/markgraf/pull/7/changes:0
[ 1423608ms] [ERROR] Unchecked runtime.lastError: Could not establish connection. Receiving end does not exist. @ https://github.com/i-am-the-slime/markgraf/pull/7/changes:0
[ 1423609ms] [ERROR] Unchecked runtime.lastError: Could not establish connection. Receiving end does not exist. @ https://github.com/i-am-the-slime/markgraf/pull/7/changes:0
[ 1423609ms] [ERROR] Unchecked runtime.lastError: Could not establish connection. Receiving end does not exist. @ https://github.com/i-am-the-slime/markgraf/pull/7/changes:0
[ 1423609ms] [ERROR] Unchecked runtime.lastError: Could not establish connection. Receiving end does not exist. @ https://github.com/i-am-the-slime/markgraf/pull/7/changes:0
[ 1423610ms] [ERROR] Unchecked runtime.lastError: Could not establish connection. Receiving end does not exist. @ https://github.com/i-am-the-slime/markgraf/pull/7/changes:0
[ 1423610ms] [ERROR] Unchecked runtime.lastError: Could not establish connection. Receiving end does not exist. @ https://github.com/i-am-the-slime/markgraf/pull/7/changes:0
[ 1423610ms] [ERROR] Unchecked runtime.lastError: Could not establish connection. Receiving end does not exist. @ https://github.com/i-am-the-slime/markgraf/pull/7/changes:0
[ 1423611ms] [ERROR] Unchecked runtime.lastError: Could not establish connection. Receiving end does not exist. @ https://github.com/i-am-the-slime/markgraf/pull/7/changes:0
[ 1423611ms] [ERROR] Unchecked runtime.lastError: Could not establish connection. Receiving end does not exist. @ https://github.com/i-am-the-slime/markgraf/pull/7/changes:0
[ 1423612ms] [ERROR] Unchecked runtime.lastError: Could not establish connection. Receiving end does not exist. @ https://github.com/i-am-the-slime/markgraf/pull/7/changes:0
