[  -76483ms] [WARNING] THREE.Clock: This module has been deprecated. Please use THREE.Timer instead. @ http://localhost:3000/markgraf-www/feltballs-worker.js:1716
[  -24650ms] [ERROR] Unchecked runtime.lastError: Could not establish connection. Receiving end does not exist. @ http://localhost:3000/markgraf-www/:0
[  -24649ms] [ERROR] Unchecked runtime.lastError: Could not establish connection. Receiving end does not exist. @ http://localhost:3000/markgraf-www/:0
[  -24649ms] [ERROR] Unchecked runtime.lastError: Could not establish connection. Receiving end does not exist. @ http://localhost:3000/markgraf-www/:0
[  -24649ms] [ERROR] Unchecked runtime.lastError: Could not establish connection. Receiving end does not exist. @ http://localhost:3000/markgraf-www/:0
[  -24649ms] [ERROR] Unchecked runtime.lastError: Could not establish connection. Receiving end does not exist. @ http://localhost:3000/markgraf-www/:0
[  -24648ms] [ERROR] Unchecked runtime.lastError: Could not establish connection. Receiving end does not exist. @ http://localhost:3000/markgraf-www/:0
[  -24648ms] [ERROR] Unchecked runtime.lastError: Could not establish connection. Receiving end does not exist. @ http://localhost:3000/markgraf-www/:0
[  -24648ms] [ERROR] Unchecked runtime.lastError: Could not establish connection. Receiving end does not exist. @ http://localhost:3000/markgraf-www/:0
[  -24647ms] [ERROR] Unchecked runtime.lastError: Could not establish connection. Receiving end does not exist. @ http://localhost:3000/markgraf-www/:0
[  -24647ms] [ERROR] Unchecked runtime.lastError: Could not establish connection. Receiving end does not exist. @ http://localhost:3000/markgraf-www/:0
[  -24647ms] [ERROR] Unchecked runtime.lastError: Could not establish connection. Receiving end does not exist. @ http://localhost:3000/markgraf-www/:0
[  -24647ms] [ERROR] Unchecked runtime.lastError: Could not establish connection. Receiving end does not exist. @ http://localhost:3000/markgraf-www/:0
[  -24647ms] [ERROR] Unchecked runtime.lastError: Could not establish connection. Receiving end does not exist. @ http://localhost:3000/markgraf-www/:0
[  -24646ms] [ERROR] Unchecked runtime.lastError: Could not establish connection. Receiving end does not exist. @ http://localhost:3000/markgraf-www/:0
[  -24646ms] [ERROR] Unchecked runtime.lastError: Could not establish connection. Receiving end does not exist. @ http://localhost:3000/markgraf-www/:0
[  -24646ms] [ERROR] Unchecked runtime.lastError: Could not establish connection. Receiving end does not exist. @ http://localhost:3000/markgraf-www/:0
[  -24646ms] [ERROR] Unchecked runtime.lastError: Could not establish connection. Receiving end does not exist. @ http://localhost:3000/markgraf-www/:0
[  -24646ms] [ERROR] Unchecked runtime.lastError: Could not establish connection. Receiving end does not exist. @ http://localhost:3000/markgraf-www/:0
[  -24645ms] [ERROR] Unchecked runtime.lastError: Could not establish connection. Receiving end does not exist. @ http://localhost:3000/markgraf-www/:0
[  -24645ms] [ERROR] Unchecked runtime.lastError: Could not establish connection. Receiving end does not exist. @ http://localhost:3000/markgraf-www/:0
[  -24645ms] [ERROR] Unchecked runtime.lastError: Could not establish connection. Receiving end does not exist. @ http://localhost:3000/markgraf-www/:0
[  -24645ms] [ERROR] Unchecked runtime.lastError: Could not establish connection. Receiving end does not exist. @ http://localhost:3000/markgraf-www/:0
[  -24645ms] [ERROR] Unchecked runtime.lastError: Could not establish connection. Receiving end does not exist. @ http://localhost:3000/markgraf-www/:0
[  -24644ms] [ERROR] Unchecked runtime.lastError: Could not establish connection. Receiving end does not exist. @ http://localhost:3000/markgraf-www/:0
[  -24644ms] [ERROR] Unchecked runtime.lastError: Could not establish connection. Receiving end does not exist. @ http://localhost:3000/markgraf-www/:0
[  -24644ms] [ERROR] Unchecked runtime.lastError: Could not establish connection. Receiving end does not exist. @ http://localhost:3000/markgraf-www/:0
[  -24644ms] [ERROR] Unchecked runtime.lastError: Could not establish connection. Receiving end does not exist. @ http://localhost:3000/markgraf-www/:0
[  -24644ms] [ERROR] Unchecked runtime.lastError: Could not establish connection. Receiving end does not exist. @ http://localhost:3000/markgraf-www/:0
[  -24644ms] [ERROR] Unchecked runtime.lastError: Could not establish connection. Receiving end does not exist. @ http://localhost:3000/markgraf-www/:0
[  -24643ms] [ERROR] Unchecked runtime.lastError: Could not establish connection. Receiving end does not exist. @ http://localhost:3000/markgraf-www/:0
[  -24643ms] [ERROR] Unchecked runtime.lastError: Could not establish connection. Receiving end does not exist. @ http://localhost:3000/markgraf-www/:0
[  -24643ms] [ERROR] Unchecked runtime.lastError: Could not establish connection. Receiving end does not exist. @ http://localhost:3000/markgraf-www/:0
[  -76735ms] [LOG] [HMR] connected @ http://localhost:3000/markgraf-www/_next/static/chunks/node_modules_next_dist_115brz8._.js:2431
[  -76569ms] [WARNING] THREE.Clock: This module has been deprecated. Please use THREE.Timer instead. @ chrome-extension://fmkadmapgofadopljbjfkapdkoienihi/build/installHook.js:0
[   30040ms] [ERROR] Unchecked runtime.lastError: Could not establish connection. Receiving end does not exist. @ http://localhost:3000/markgraf-www/:0
[   30040ms] [ERROR] Unchecked runtime.lastError: Could not establish connection. Receiving end does not exist. @ http://localhost:3000/markgraf-www/:0
[   30040ms] [ERROR] Unchecked runtime.lastError: Could not establish connection. Receiving end does not exist. @ http://localhost:3000/markgraf-www/:0
[   30041ms] [ERROR] Unchecked runtime.lastError: Could not establish connection. Receiving end does not exist. @ http://localhost:3000/markgraf-www/:0
[   30041ms] [ERROR] Unchecked runtime.lastError: Could not establish connection. Receiving end does not exist. @ http://localhost:3000/markgraf-www/:0
[   30041ms] [ERROR] Unchecked runtime.lastError: Could not establish connection. Receiving end does not exist. @ http://localhost:3000/markgraf-www/:0
[   30041ms] [ERROR] Unchecked runtime.lastError: Could not establish connection. Receiving end does not exist. @ http://localhost:3000/markgraf-www/:0
[   30041ms] [ERROR] Unchecked runtime.lastError: Could not establish connection. Receiving end does not exist. @ http://localhost:3000/markgraf-www/:0
[   30042ms] [ERROR] Unchecked runtime.lastError: Could not establish connection. Receiving end does not exist. @ http://localhost:3000/markgraf-www/:0
[   30042ms] [ERROR] Unchecked runtime.lastError: Could not establish connection. Receiving end does not exist. @ http://localhost:3000/markgraf-www/:0
[   30042ms] [ERROR] Unchecked runtime.lastError: Could not establish connection. Receiving end does not exist. @ http://localhost:3000/markgraf-www/:0
[   30042ms] [ERROR] Unchecked runtime.lastError: Could not establish connection. Receiving end does not exist. @ http://localhost:3000/markgraf-www/:0
[   30043ms] [ERROR] Unchecked runtime.lastError: Could not establish connection. Receiving end does not exist. @ http://localhost:3000/markgraf-www/:0
[   30043ms] [ERROR] Unchecked runtime.lastError: Could not establish connection. Receiving end does not exist. @ http://localhost:3000/markgraf-www/:0
[   30043ms] [ERROR] Unchecked runtime.lastError: Could not establish connection. Receiving end does not exist. @ http://localhost:3000/markgraf-www/:0
[   30044ms] [ERROR] Unchecked runtime.lastError: Could not establish connection. Receiving end does not exist. @ http://localhost:3000/markgraf-www/:0
