[     136ms] [LOG] [HMR] connected @ http://localhost:3000/markgraf-www/_next/static/chunks/node_modules_next_dist_115brz8._.js:2431
[     266ms] [WARNING] THREE.Clock: This module has been deprecated. Please use THREE.Timer instead. @ http://localhost:3000/markgraf-www/feltballs-worker.js:1716
[    7511ms] [LOG] [Fast Refresh] rebuilding @ http://localhost:3000/markgraf-www/_next/static/chunks/node_modules_next_dist_115brz8._.js:2431
[    7573ms] [WARNING] [Fast Refresh] performing full reload

Fast Refresh will perform a full reload when you edit a file that's imported by modules outside of the React rendering tree.
You might have a file which exports a React component but also exports a value that is imported by a non-React component file.
Consider migrating the non-React component export to a separate file and importing it into both files.

It is also possible the parent component of the component you edited is a class component, which disables Fast Refresh.
Fast Refresh requires at least one parent function component in your React tree. @ chrome-extension://fmkadmapgofadopljbjfkapdkoienihi/build/installHook.js:0
[    7739ms] [LOG] [HMR] connected @ http://localhost:3000/markgraf-www/_next/static/chunks/node_modules_next_dist_115brz8._.js:2431
[    7912ms] [WARNING] THREE.Clock: This module has been deprecated. Please use THREE.Timer instead. @ http://localhost:3000/markgraf-www/feltballs-worker.js:1716
[   37905ms] [ERROR] Unchecked runtime.lastError: Could not establish connection. Receiving end does not exist. @ http://localhost:3000/markgraf-www/:0
[   37906ms] [ERROR] Unchecked runtime.lastError: Could not establish connection. Receiving end does not exist. @ http://localhost:3000/markgraf-www/:0
[   37906ms] [ERROR] Unchecked runtime.lastError: Could not establish connection. Receiving end does not exist. @ http://localhost:3000/markgraf-www/:0
[   37906ms] [ERROR] Unchecked runtime.lastError: Could not establish connection. Receiving end does not exist. @ http://localhost:3000/markgraf-www/:0
[   37907ms] [ERROR] Unchecked runtime.lastError: Could not establish connection. Receiving end does not exist. @ http://localhost:3000/markgraf-www/:0
[   37907ms] [ERROR] Unchecked runtime.lastError: Could not establish connection. Receiving end does not exist. @ http://localhost:3000/markgraf-www/:0
[   37908ms] [ERROR] Unchecked runtime.lastError: Could not establish connection. Receiving end does not exist. @ http://localhost:3000/markgraf-www/:0
[   37908ms] [ERROR] Unchecked runtime.lastError: Could not establish connection. Receiving end does not exist. @ http://localhost:3000/markgraf-www/:0
[   37908ms] [ERROR] Unchecked runtime.lastError: Could not establish connection. Receiving end does not exist. @ http://localhost:3000/markgraf-www/:0
[   37909ms] [ERROR] Unchecked runtime.lastError: Could not establish connection. Receiving end does not exist. @ http://localhost:3000/markgraf-www/:0
[   37909ms] [ERROR] Unchecked runtime.lastError: Could not establish connection. Receiving end does not exist. @ http://localhost:3000/markgraf-www/:0
[   37910ms] [ERROR] Unchecked runtime.lastError: Could not establish connection. Receiving end does not exist. @ http://localhost:3000/markgraf-www/:0
[   69177ms] [ERROR] Unchecked runtime.lastError: Could not establish connection. Receiving end does not exist. @ http://localhost:3000/markgraf-www/:0
[   69178ms] [ERROR] Unchecked runtime.lastError: Could not establish connection. Receiving end does not exist. @ http://localhost:3000/markgraf-www/:0
[   69178ms] [ERROR] Unchecked runtime.lastError: Could not establish connection. Receiving end does not exist. @ http://localhost:3000/markgraf-www/:0
[   69178ms] [ERROR] Unchecked runtime.lastError: Could not establish connection. Receiving end does not exist. @ http://localhost:3000/markgraf-www/:0
[   69179ms] [ERROR] Unchecked runtime.lastError: Could not establish connection. Receiving end does not exist. @ http://localhost:3000/markgraf-www/:0
[   69179ms] [ERROR] Unchecked runtime.lastError: Could not establish connection. Receiving end does not exist. @ http://localhost:3000/markgraf-www/:0
[   69182ms] [ERROR] Unchecked runtime.lastError: Could not establish connection. Receiving end does not exist. @ http://localhost:3000/markgraf-www/:0
[   69182ms] [ERROR] Unchecked runtime.lastError: Could not establish connection. Receiving end does not exist. @ http://localhost:3000/markgraf-www/:0
[   69183ms] [ERROR] Unchecked runtime.lastError: Could not establish connection. Receiving end does not exist. @ http://localhost:3000/markgraf-www/:0
[   69183ms] [ERROR] Unchecked runtime.lastError: Could not establish connection. Receiving end does not exist. @ http://localhost:3000/markgraf-www/:0
[   69183ms] [ERROR] Unchecked runtime.lastError: Could not establish connection. Receiving end does not exist. @ http://localhost:3000/markgraf-www/:0
[  100322ms] [ERROR] Unchecked runtime.lastError: Could not establish connection. Receiving end does not exist. @ http://localhost:3000/markgraf-www/:0
[  100322ms] [ERROR] Unchecked runtime.lastError: Could not establish connection. Receiving end does not exist. @ http://localhost:3000/markgraf-www/:0
[  100323ms] [ERROR] Unchecked runtime.lastError: Could not establish connection. Receiving end does not exist. @ http://localhost:3000/markgraf-www/:0
[  100323ms] [ERROR] Unchecked runtime.lastError: Could not establish connection. Receiving end does not exist. @ http://localhost:3000/markgraf-www/:0
[  100323ms] [ERROR] Unchecked runtime.lastError: Could not establish connection. Receiving end does not exist. @ http://localhost:3000/markgraf-www/:0
[  100323ms] [ERROR] Unchecked runtime.lastError: Could not establish connection. Receiving end does not exist. @ http://localhost:3000/markgraf-www/:0
[  100324ms] [ERROR] Unchecked runtime.lastError: Could not establish connection. Receiving end does not exist. @ http://localhost:3000/markgraf-www/:0
[  100324ms] [ERROR] Unchecked runtime.lastError: Could not establish connection. Receiving end does not exist. @ http://localhost:3000/markgraf-www/:0
[  100324ms] [ERROR] Unchecked runtime.lastError: Could not establish connection. Receiving end does not exist. @ http://localhost:3000/markgraf-www/:0
[  100324ms] [ERROR] Unchecked runtime.lastError: Could not establish connection. Receiving end does not exist. @ http://localhost:3000/markgraf-www/:0
[  100325ms] [ERROR] Unchecked runtime.lastError: Could not establish connection. Receiving end does not exist. @ http://localhost:3000/markgraf-www/:0
[  100325ms] [ERROR] Unchecked runtime.lastError: Could not establish connection. Receiving end does not exist. @ http://localhost:3000/markgraf-www/:0
[  100325ms] [ERROR] Unchecked runtime.lastError: Could not establish connection. Receiving end does not exist. @ http://localhost:3000/markgraf-www/:0
[  100325ms] [ERROR] Unchecked runtime.lastError: Could not establish connection. Receiving end does not exist. @ http://localhost:3000/markgraf-www/:0
[  100325ms] [ERROR] Unchecked runtime.lastError: Could not establish connection. Receiving end does not exist. @ http://localhost:3000/markgraf-www/:0
[  100326ms] [ERROR] Unchecked runtime.lastError: Could not establish connection. Receiving end does not exist. @ http://localhost:3000/markgraf-www/:0
[  100326ms] [ERROR] Unchecked runtime.lastError: Could not establish connection. Receiving end does not exist. @ http://localhost:3000/markgraf-www/:0
[  100326ms] [ERROR] Unchecked runtime.lastError: Could not establish connection. Receiving end does not exist. @ http://localhost:3000/markgraf-www/:0
[  100326ms] [ERROR] Unchecked runtime.lastError: Could not establish connection. Receiving end does not exist. @ http://localhost:3000/markgraf-www/:0
[  100327ms] [ERROR] Unchecked runtime.lastError: Could not establish connection. Receiving end does not exist. @ http://localhost:3000/markgraf-www/:0
[  100327ms] [ERROR] Unchecked runtime.lastError: Could not establish connection. Receiving end does not exist. @ http://localhost:3000/markgraf-www/:0
[  100327ms] [ERROR] Unchecked runtime.lastError: Could not establish connection. Receiving end does not exist. @ http://localhost:3000/markgraf-www/:0
[  100327ms] [ERROR] Unchecked runtime.lastError: Could not establish connection. Receiving end does not exist. @ http://localhost:3000/markgraf-www/:0
[  100328ms] [ERROR] Unchecked runtime.lastError: Could not establish connection. Receiving end does not exist. @ http://localhost:3000/markgraf-www/:0
[  100328ms] [ERROR] Unchecked runtime.lastError: Could not establish connection. Receiving end does not exist. @ http://localhost:3000/markgraf-www/:0
[  100328ms] [ERROR] Unchecked runtime.lastError: Could not establish connection. Receiving end does not exist. @ http://localhost:3000/markgraf-www/:0
[  100328ms] [ERROR] Unchecked runtime.lastError: Could not establish connection. Receiving end does not exist. @ http://localhost:3000/markgraf-www/:0
[  100328ms] [ERROR] Unchecked runtime.lastError: Could not establish connection. Receiving end does not exist. @ http://localhost:3000/markgraf-www/:0
[  100328ms] [ERROR] Unchecked runtime.lastError: Could not establish connection. Receiving end does not exist. @ http://localhost:3000/markgraf-www/:0
[  131378ms] [ERROR] Unchecked runtime.lastError: Could not establish connection. Receiving end does not exist. @ http://localhost:3000/markgraf-www/:0
[  131378ms] [ERROR] Unchecked runtime.lastError: Could not establish connection. Receiving end does not exist. @ http://localhost:3000/markgraf-www/:0
[  131379ms] [ERROR] Unchecked runtime.lastError: Could not establish connection. Receiving end does not exist. @ http://localhost:3000/markgraf-www/:0
[  131379ms] [ERROR] Unchecked runtime.lastError: Could not establish connection. Receiving end does not exist. @ http://localhost:3000/markgraf-www/:0
[  131382ms] [ERROR] Unchecked runtime.lastError: Could not establish connection. Receiving end does not exist. @ http://localhost:3000/markgraf-www/:0
[  131383ms] [ERROR] Unchecked runtime.lastError: Could not establish connection. Receiving end does not exist. @ http://localhost:3000/markgraf-www/:0
[  131383ms] [ERROR] Unchecked runtime.lastError: Could not establish connection. Receiving end does not exist. @ http://localhost:3000/markgraf-www/:0
[  131383ms] [ERROR] Unchecked runtime.lastError: Could not establish connection. Receiving end does not exist. @ http://localhost:3000/markgraf-www/:0
[  131384ms] [ERROR] Unchecked runtime.lastError: Could not establish connection. Receiving end does not exist. @ http://localhost:3000/markgraf-www/:0
[  131384ms] [ERROR] Unchecked runtime.lastError: Could not establish connection. Receiving end does not exist. @ http://localhost:3000/markgraf-www/:0
[  131384ms] [ERROR] Unchecked runtime.lastError: Could not establish connection. Receiving end does not exist. @ http://localhost:3000/markgraf-www/:0
[  131385ms] [ERROR] Unchecked runtime.lastError: Could not establish connection. Receiving end does not exist. @ http://localhost:3000/markgraf-www/:0
[  159604ms] [LOG] [Fast Refresh] rebuilding @ http://localhost:3000/markgraf-www/_next/static/chunks/node_modules_next_dist_115brz8._.js:2431
[  159660ms] [LOG] [Fast Refresh] done in 126ms @ http://localhost:3000/markgraf-www/_next/static/chunks/node_modules_next_dist_115brz8._.js:2431
[  162821ms] [LOG] [Fast Refresh] rebuilding @ http://localhost:3000/markgraf-www/_next/static/chunks/node_modules_next_dist_115brz8._.js:2431
[  162852ms] [LOG] [Fast Refresh] done in 75ms @ http://localhost:3000/markgraf-www/_next/static/chunks/node_modules_next_dist_115brz8._.js:2431
[  192884ms] [ERROR] Unchecked runtime.lastError: Could not establish connection. Receiving end does not exist. @ http://localhost:3000/markgraf-www/:0
[  192885ms] [ERROR] Unchecked runtime.lastError: Could not establish connection. Receiving end does not exist. @ http://localhost:3000/markgraf-www/:0
[  192885ms] [ERROR] Unchecked runtime.lastError: Could not establish connection. Receiving end does not exist. @ http://localhost:3000/markgraf-www/:0
[  192885ms] [ERROR] Unchecked runtime.lastError: Could not establish connection. Receiving end does not exist. @ http://localhost:3000/markgraf-www/:0
[  192885ms] [ERROR] Unchecked runtime.lastError: Could not establish connection. Receiving end does not exist. @ http://localhost:3000/markgraf-www/:0
[  192886ms] [ERROR] Unchecked runtime.lastError: Could not establish connection. Receiving end does not exist. @ http://localhost:3000/markgraf-www/:0
[  192886ms] [ERROR] Unchecked runtime.lastError: Could not establish connection. Receiving end does not exist. @ http://localhost:3000/markgraf-www/:0
[  223705ms] [ERROR] Unchecked runtime.lastError: Could not establish connection. Receiving end does not exist. @ http://localhost:3000/markgraf-www/:0
[  223705ms] [ERROR] Unchecked runtime.lastError: Could not establish connection. Receiving end does not exist. @ http://localhost:3000/markgraf-www/:0
[  223706ms] [ERROR] Unchecked runtime.lastError: Could not establish connection. Receiving end does not exist. @ http://localhost:3000/markgraf-www/:0
[  223706ms] [ERROR] Unchecked runtime.lastError: Could not establish connection. Receiving end does not exist. @ http://localhost:3000/markgraf-www/:0
[  223706ms] [ERROR] Unchecked runtime.lastError: Could not establish connection. Receiving end does not exist. @ http://localhost:3000/markgraf-www/:0
[  223707ms] [ERROR] Unchecked runtime.lastError: Could not establish connection. Receiving end does not exist. @ http://localhost:3000/markgraf-www/:0
[  223707ms] [ERROR] Unchecked runtime.lastError: Could not establish connection. Receiving end does not exist. @ http://localhost:3000/markgraf-www/:0
[  223707ms] [ERROR] Unchecked runtime.lastError: Could not establish connection. Receiving end does not exist. @ http://localhost:3000/markgraf-www/:0
[  254501ms] [ERROR] Unchecked runtime.lastError: Could not establish connection. Receiving end does not exist. @ http://localhost:3000/markgraf-www/:0
[  254502ms] [ERROR] Unchecked runtime.lastError: Could not establish connection. Receiving end does not exist. @ http://localhost:3000/markgraf-www/:0
[  254502ms] [ERROR] Unchecked runtime.lastError: Could not establish connection. Receiving end does not exist. @ http://localhost:3000/markgraf-www/:0
[  254502ms] [ERROR] Unchecked runtime.lastError: Could not establish connection. Receiving end does not exist. @ http://localhost:3000/markgraf-www/:0
[  254502ms] [ERROR] Unchecked runtime.lastError: Could not establish connection. Receiving end does not exist. @ http://localhost:3000/markgraf-www/:0
[  254502ms] [ERROR] Unchecked runtime.lastError: Could not establish connection. Receiving end does not exist. @ http://localhost:3000/markgraf-www/:0
[  254503ms] [ERROR] Unchecked runtime.lastError: Could not establish connection. Receiving end does not exist. @ http://localhost:3000/markgraf-www/:0
[  254503ms] [ERROR] Unchecked runtime.lastError: Could not establish connection. Receiving end does not exist. @ http://localhost:3000/markgraf-www/:0
[  254503ms] [ERROR] Unchecked runtime.lastError: Could not establish connection. Receiving end does not exist. @ http://localhost:3000/markgraf-www/:0
[  254503ms] [ERROR] Unchecked runtime.lastError: Could not establish connection. Receiving end does not exist. @ http://localhost:3000/markgraf-www/:0
[  254503ms] [ERROR] Unchecked runtime.lastError: Could not establish connection. Receiving end does not exist. @ http://localhost:3000/markgraf-www/:0
[  254504ms] [ERROR] Unchecked runtime.lastError: Could not establish connection. Receiving end does not exist. @ http://localhost:3000/markgraf-www/:0
[  254504ms] [ERROR] Unchecked runtime.lastError: Could not establish connection. Receiving end does not exist. @ http://localhost:3000/markgraf-www/:0
[  254504ms] [ERROR] Unchecked runtime.lastError: Could not establish connection. Receiving end does not exist. @ http://localhost:3000/markgraf-www/:0
[  254504ms] [ERROR] Unchecked runtime.lastError: Could not establish connection. Receiving end does not exist. @ http://localhost:3000/markgraf-www/:0
[  254505ms] [ERROR] Unchecked runtime.lastError: Could not establish connection. Receiving end does not exist. @ http://localhost:3000/markgraf-www/:0
[  254505ms] [ERROR] Unchecked runtime.lastError: Could not establish connection. Receiving end does not exist. @ http://localhost:3000/markgraf-www/:0
[  254505ms] [ERROR] Unchecked runtime.lastError: Could not establish connection. Receiving end does not exist. @ http://localhost:3000/markgraf-www/:0
[  254505ms] [ERROR] Unchecked runtime.lastError: Could not establish connection. Receiving end does not exist. @ http://localhost:3000/markgraf-www/:0
[  254505ms] [ERROR] Unchecked runtime.lastError: Could not establish connection. Receiving end does not exist. @ http://localhost:3000/markgraf-www/:0
[  254505ms] [ERROR] Unchecked runtime.lastError: Could not establish connection. Receiving end does not exist. @ http://localhost:3000/markgraf-www/:0
[  254506ms] [ERROR] Unchecked runtime.lastError: Could not establish connection. Receiving end does not exist. @ http://localhost:3000/markgraf-www/:0
[  254506ms] [ERROR] Unchecked runtime.lastError: Could not establish connection. Receiving end does not exist. @ http://localhost:3000/markgraf-www/:0
[  254506ms] [ERROR] Unchecked runtime.lastError: Could not establish connection. Receiving end does not exist. @ http://localhost:3000/markgraf-www/:0
[  254506ms] [ERROR] Unchecked runtime.lastError: Could not establish connection. Receiving end does not exist. @ http://localhost:3000/markgraf-www/:0
[  254506ms] [ERROR] Unchecked runtime.lastError: Could not establish connection. Receiving end does not exist. @ http://localhost:3000/markgraf-www/:0
[  285309ms] [ERROR] Unchecked runtime.lastError: Could not establish connection. Receiving end does not exist. @ http://localhost:3000/markgraf-www/:0
[  285309ms] [ERROR] Unchecked runtime.lastError: Could not establish connection. Receiving end does not exist. @ http://localhost:3000/markgraf-www/:0
[  316118ms] [ERROR] Unchecked runtime.lastError: Could not establish connection. Receiving end does not exist. @ http://localhost:3000/markgraf-www/:0
[  316119ms] [ERROR] Unchecked runtime.lastError: Could not establish connection. Receiving end does not exist. @ http://localhost:3000/markgraf-www/:0
[  316119ms] [ERROR] Unchecked runtime.lastError: Could not establish connection. Receiving end does not exist. @ http://localhost:3000/markgraf-www/:0
[  316119ms] [ERROR] Unchecked runtime.lastError: Could not establish connection. Receiving end does not exist. @ http://localhost:3000/markgraf-www/:0
[  316120ms] [ERROR] Unchecked runtime.lastError: Could not establish connection. Receiving end does not exist. @ http://localhost:3000/markgraf-www/:0
[  316120ms] [ERROR] Unchecked runtime.lastError: Could not establish connection. Receiving end does not exist. @ http://localhost:3000/markgraf-www/:0
[  316120ms] [ERROR] Unchecked runtime.lastError: Could not establish connection. Receiving end does not exist. @ http://localhost:3000/markgraf-www/:0
[  316121ms] [ERROR] Unchecked runtime.lastError: Could not establish connection. Receiving end does not exist. @ http://localhost:3000/markgraf-www/:0
[  316121ms] [ERROR] Unchecked runtime.lastError: Could not establish connection. Receiving end does not exist. @ http://localhost:3000/markgraf-www/:0
[  316121ms] [ERROR] Unchecked runtime.lastError: Could not establish connection. Receiving end does not exist. @ http://localhost:3000/markgraf-www/:0
[  316121ms] [ERROR] Unchecked runtime.lastError: Could not establish connection. Receiving end does not exist. @ http://localhost:3000/markgraf-www/:0
[  316121ms] [ERROR] Unchecked runtime.lastError: Could not establish connection. Receiving end does not exist. @ http://localhost:3000/markgraf-www/:0
[  316122ms] [ERROR] Unchecked runtime.lastError: Could not establish connection. Receiving end does not exist. @ http://localhost:3000/markgraf-www/:0
[  316122ms] [ERROR] Unchecked runtime.lastError: Could not establish connection. Receiving end does not exist. @ http://localhost:3000/markgraf-www/:0
[  316122ms] [ERROR] Unchecked runtime.lastError: Could not establish connection. Receiving end does not exist. @ http://localhost:3000/markgraf-www/:0
[  316122ms] [ERROR] Unchecked runtime.lastError: Could not establish connection. Receiving end does not exist. @ http://localhost:3000/markgraf-www/:0
[  316123ms] [ERROR] Unchecked runtime.lastError: Could not establish connection. Receiving end does not exist. @ http://localhost:3000/markgraf-www/:0
[  316123ms] [ERROR] Unchecked runtime.lastError: Could not establish connection. Receiving end does not exist. @ http://localhost:3000/markgraf-www/:0
[  316123ms] [ERROR] Unchecked runtime.lastError: Could not establish connection. Receiving end does not exist. @ http://localhost:3000/markgraf-www/:0
[  316123ms] [ERROR] Unchecked runtime.lastError: Could not establish connection. Receiving end does not exist. @ http://localhost:3000/markgraf-www/:0
[  316123ms] [ERROR] Unchecked runtime.lastError: Could not establish connection. Receiving end does not exist. @ http://localhost:3000/markgraf-www/:0
[  316123ms] [ERROR] Unchecked runtime.lastError: Could not establish connection. Receiving end does not exist. @ http://localhost:3000/markgraf-www/:0
[  316124ms] [ERROR] Unchecked runtime.lastError: Could not establish connection. Receiving end does not exist. @ http://localhost:3000/markgraf-www/:0
[  346936ms] [ERROR] Unchecked runtime.lastError: Could not establish connection. Receiving end does not exist. @ http://localhost:3000/markgraf-www/:0
[  346937ms] [ERROR] Unchecked runtime.lastError: Could not establish connection. Receiving end does not exist. @ http://localhost:3000/markgraf-www/:0
[  346937ms] [ERROR] Unchecked runtime.lastError: Could not establish connection. Receiving end does not exist. @ http://localhost:3000/markgraf-www/:0
[  346937ms] [ERROR] Unchecked runtime.lastError: Could not establish connection. Receiving end does not exist. @ http://localhost:3000/markgraf-www/:0
[  346937ms] [ERROR] Unchecked runtime.lastError: Could not establish connection. Receiving end does not exist. @ http://localhost:3000/markgraf-www/:0
[  346938ms] [ERROR] Unchecked runtime.lastError: Could not establish connection. Receiving end does not exist. @ http://localhost:3000/markgraf-www/:0
[  346938ms] [ERROR] Unchecked runtime.lastError: Could not establish connection. Receiving end does not exist. @ http://localhost:3000/markgraf-www/:0
[  346938ms] [ERROR] Unchecked runtime.lastError: Could not establish connection. Receiving end does not exist. @ http://localhost:3000/markgraf-www/:0
[  348025ms] [LOG] [Fast Refresh] rebuilding @ http://localhost:3000/markgraf-www/_next/static/chunks/node_modules_next_dist_115brz8._.js:2431
[  348054ms] [LOG] [Fast Refresh] done in 130ms @ http://localhost:3000/markgraf-www/_next/static/chunks/node_modules_next_dist_115brz8._.js:2431
[  354758ms] [LOG] [Fast Refresh] rebuilding @ http://localhost:3000/markgraf-www/_next/static/chunks/node_modules_next_dist_115brz8._.js:2431
[  354792ms] [LOG] [Fast Refresh] done in 69ms @ http://localhost:3000/markgraf-www/_next/static/chunks/node_modules_next_dist_115brz8._.js:2431
[  355071ms] [LOG] [Fast Refresh] rebuilding @ http://localhost:3000/markgraf-www/_next/static/chunks/node_modules_next_dist_115brz8._.js:2431
[  355311ms] [WARNING] [Fast Refresh] performing full reload

Fast Refresh will perform a full reload when you edit a file that's imported by modules outside of the React rendering tree.
You might have a file which exports a React component but also exports a value that is imported by a non-React component file.
Consider migrating the non-React component export to a separate file and importing it into both files.

It is also possible the parent component of the component you edited is a class component, which disables Fast Refresh.
Fast Refresh requires at least one parent function component in your React tree. @ chrome-extension://fmkadmapgofadopljbjfkapdkoienihi/build/installHook.js:0
[  355312ms] [LOG] [Fast Refresh] done in 340ms @ http://localhost:3000/markgraf-www/_next/static/chunks/node_modules_next_dist_115brz8._.js:2431
[  355414ms] [LOG] [Fast Refresh] rebuilding @ http://localhost:3000/markgraf-www/_next/static/chunks/node_modules_next_dist_115brz8._.js:2431
[  355539ms] [LOG] [Fast Refresh] done in 226ms @ http://localhost:3000/markgraf-www/_next/static/chunks/node_modules_next_dist_115brz8._.js:2431
[  355717ms] [LOG] [HMR] connected @ http://localhost:3000/markgraf-www/_next/static/chunks/node_modules_next_dist_115brz8._.js:2431
[  355896ms] [WARNING] THREE.Clock: This module has been deprecated. Please use THREE.Timer instead. @ http://localhost:3000/markgraf-www/feltballs-worker.js:1716
[  356129ms] [LOG] [Fast Refresh] rebuilding @ http://localhost:3000/markgraf-www/_next/static/chunks/node_modules_next_dist_115brz8._.js:2431
[  356195ms] [LOG] [Fast Refresh] done in 167ms @ http://localhost:3000/markgraf-www/_next/static/chunks/node_modules_next_dist_115brz8._.js:2431
[  359805ms] [LOG] [Fast Refresh] rebuilding @ http://localhost:3000/markgraf-www/_next/static/chunks/node_modules_next_dist_115brz8._.js:2431
[  359809ms] [LOG] [Fast Refresh] done in 107ms @ http://localhost:3000/markgraf-www/_next/static/chunks/node_modules_next_dist_115brz8._.js:2431
[  366896ms] [LOG] [Fast Refresh] rebuilding @ http://localhost:3000/markgraf-www/_next/static/chunks/node_modules_next_dist_115brz8._.js:2431
[  366925ms] [LOG] [Fast Refresh] done in 70ms @ http://localhost:3000/markgraf-www/_next/static/chunks/node_modules_next_dist_115brz8._.js:2431
[  385880ms] [ERROR] Unchecked runtime.lastError: Could not establish connection. Receiving end does not exist. @ http://localhost:3000/markgraf-www/:0
[  385880ms] [ERROR] Unchecked runtime.lastError: Could not establish connection. Receiving end does not exist. @ http://localhost:3000/markgraf-www/:0
[  385880ms] [ERROR] Unchecked runtime.lastError: Could not establish connection. Receiving end does not exist. @ http://localhost:3000/markgraf-www/:0
[  385881ms] [ERROR] Unchecked runtime.lastError: Could not establish connection. Receiving end does not exist. @ http://localhost:3000/markgraf-www/:0
[  385881ms] [ERROR] Unchecked runtime.lastError: Could not establish connection. Receiving end does not exist. @ http://localhost:3000/markgraf-www/:0
[  385881ms] [ERROR] Unchecked runtime.lastError: Could not establish connection. Receiving end does not exist. @ http://localhost:3000/markgraf-www/:0
[  385881ms] [ERROR] Unchecked runtime.lastError: Could not establish connection. Receiving end does not exist. @ http://localhost:3000/markgraf-www/:0
[  385882ms] [ERROR] Unchecked runtime.lastError: Could not establish connection. Receiving end does not exist. @ http://localhost:3000/markgraf-www/:0
[  385882ms] [ERROR] Unchecked runtime.lastError: Could not establish connection. Receiving end does not exist. @ http://localhost:3000/markgraf-www/:0
[  385882ms] [ERROR] Unchecked runtime.lastError: Could not establish connection. Receiving end does not exist. @ http://localhost:3000/markgraf-www/:0
[  385882ms] [ERROR] Unchecked runtime.lastError: Could not establish connection. Receiving end does not exist. @ http://localhost:3000/markgraf-www/:0
[  385882ms] [ERROR] Unchecked runtime.lastError: Could not establish connection. Receiving end does not exist. @ http://localhost:3000/markgraf-www/:0
[  385883ms] [ERROR] Unchecked runtime.lastError: Could not establish connection. Receiving end does not exist. @ http://localhost:3000/markgraf-www/:0
[  385883ms] [ERROR] Unchecked runtime.lastError: Could not establish connection. Receiving end does not exist. @ http://localhost:3000/markgraf-www/:0
[  385883ms] [ERROR] Unchecked runtime.lastError: Could not establish connection. Receiving end does not exist. @ http://localhost:3000/markgraf-www/:0
[  385883ms] [ERROR] Unchecked runtime.lastError: Could not establish connection. Receiving end does not exist. @ http://localhost:3000/markgraf-www/:0
[  385883ms] [ERROR] Unchecked runtime.lastError: Could not establish connection. Receiving end does not exist. @ http://localhost:3000/markgraf-www/:0
[  385886ms] [ERROR] Unchecked runtime.lastError: Could not establish connection. Receiving end does not exist. @ http://localhost:3000/markgraf-www/:0
[  385886ms] [ERROR] Unchecked runtime.lastError: Could not establish connection. Receiving end does not exist. @ http://localhost:3000/markgraf-www/:0
[  393942ms] [LOG] [Fast Refresh] rebuilding @ http://localhost:3000/markgraf-www/_next/static/chunks/node_modules_next_dist_115brz8._.js:2431
[  393975ms] [LOG] [Fast Refresh] done in 72ms @ http://localhost:3000/markgraf-www/_next/static/chunks/node_modules_next_dist_115brz8._.js:2431
